// Jest Snapshot v1, https://goo.gl/fbAQLP

exports[`<Alert /> should match snapshot 1`] = `
<RNCSafeAreaProvider
  onInsetsChange={[Function]}
  style={
    Array [
      Object {
        "flex": 1,
      },
      undefined,
    ]
  }
>
  <Modal
    hardwareAccelerated={true}
    onRequestClose={[Function]}
    replaceTheme={[Function]}
    theme={
      Object {
        "Button": Object {
          "buttonStyle": Array [
            Object {
              "backgroundColor": "#4CA1D6",
            },
          ],
          "titleStyle": Array [
            Object {
              "color": "white",
              "fontSize": 34.285714285714285,
            },
          ],
        },
        "Icon": Object {
          "color": "#2089dc",
        },
        "Input": Object {
          "inputContainerStyle": Object {
            "alignItems": "center",
            "borderBottomWidth": 1.4999999999999998,
            "borderColor": "#fff",
            "borderRadius": 64.28571428571428,
            "borderWidth": 1.4999999999999998,
            "overflow": "hidden",
            "padding": 9.428571428571429,
          },
          "inputStyle": Object {
            "alignItems": "center",
            "color": "#fff",
            "padding": 9.428571428571429,
          },
          "placeholderTextColor": "#7E8395",
        },
        "Text": Object {
          "style": Object {
            "color": "white",
            "fontSize": 34.285714285714285,
          },
        },
        "colors": Object {
          "disabled": "hsl(208, 8%, 90%)",
          "divider": "#bcbbc1",
          "error": "#ff190c",
          "grey0": "#393e42",
          "grey1": "#43484d",
          "grey2": "#5e6977",
          "grey3": "#86939e",
          "grey4": "#bdc6cf",
          "grey5": "#e1e8ee",
          "greyOutline": "#bbb",
          "platform": Object {
            "android": Object {
              "error": "#f44336",
              "primary": "#2196f3",
              "secondary": "#9C27B0",
              "success": "#4caf50",
              "warning": "#ffeb3b",
            },
            "ios": Object {
              "error": "#ff3b30",
              "primary": "#007aff",
              "secondary": "#5856d6",
              "success": "#4cd964",
              "warning": "#ffcc00",
            },
          },
          "primary": "#2089dc",
          "searchBg": "#303337",
          "secondary": "#8F0CE8",
          "success": "#52c41a",
          "warning": "#faad14",
        },
      }
    }
    transparent={true}
    updateTheme={[Function]}
    visible={false}
  >
    <View
      accessible={true}
      focusable={true}
      onClick={[Function]}
      onResponderGrant={[Function]}
      onResponderMove={[Function]}
      onResponderRelease={[Function]}
      onResponderTerminate={[Function]}
      onResponderTerminationRequest={[Function]}
      onStartShouldSetResponder={[Function]}
      style={
        Object {
          "alignItems": "center",
          "backgroundColor": "rgba(0, 0, 0, .4)",
          "height": "100%",
          "justifyContent": "center",
          "left": 0,
          "position": "absolute",
          "top": 0,
          "width": "100%",
        }
      }
      testID="RNE__Overlay__backdrop"
    />
    <View
      pointerEvents="box-none"
      style={
        Object {
          "alignItems": "center",
          "flex": 1,
          "justifyContent": "center",
        }
      }
    >
      <View
        style={
          Object {
            "backgroundColor": "#4CA1D6",
            "borderRadius": 25.714285714285715,
            "height": 450,
            "padding": 10,
            "paddingVertical": 58.85294117647059,
            "shadowColor": "rgba(0, 0, 0, .3)",
            "shadowOffset": Object {
              "height": 1,
              "width": 0,
            },
            "shadowRadius": 4,
            "width": 535.7142857142857,
          }
        }
      >
        <View
          style={
            Object {
              "alignItems": "center",
              "flex": 1,
              "justifyContent": "space-between",
              "padding": 4.285714285714286,
            }
          }
        >
          <Text
            style={
              Object {
                "color": "white",
                "fontSize": 42.857142857142854,
                "fontWeight": "700",
              }
            }
            theme={
              Object {
                "Button": Object {
                  "buttonStyle": Array [
                    Object {
                      "backgroundColor": "#4CA1D6",
                    },
                  ],
                  "titleStyle": Array [
                    Object {
                      "color": "white",
                      "fontSize": 34.285714285714285,
                    },
                  ],
                },
                "Icon": Object {
                  "color": "#2089dc",
                },
                "Input": Object {
                  "inputContainerStyle": Object {
                    "alignItems": "center",
                    "borderBottomWidth": 1.4999999999999998,
                    "borderColor": "#fff",
                    "borderRadius": 64.28571428571428,
                    "borderWidth": 1.4999999999999998,
                    "overflow": "hidden",
                    "padding": 9.428571428571429,
                  },
                  "inputStyle": Object {
                    "alignItems": "center",
                    "color": "#fff",
                    "padding": 9.428571428571429,
                  },
                  "placeholderTextColor": "#7E8395",
                },
                "Text": Object {
                  "style": Object {
                    "color": "white",
                    "fontSize": 34.285714285714285,
                  },
                },
                "colors": Object {
                  "disabled": "hsl(208, 8%, 90%)",
                  "divider": "#bcbbc1",
                  "error": "#ff190c",
                  "grey0": "#393e42",
                  "grey1": "#43484d",
                  "grey2": "#5e6977",
                  "grey3": "#86939e",
                  "grey4": "#bdc6cf",
                  "grey5": "#e1e8ee",
                  "greyOutline": "#bbb",
                  "platform": Object {
                    "android": Object {
                      "error": "#f44336",
                      "primary": "#2196f3",
                      "secondary": "#9C27B0",
                      "success": "#4caf50",
                      "warning": "#ffeb3b",
                    },
                    "ios": Object {
                      "error": "#ff3b30",
                      "primary": "#007aff",
                      "secondary": "#5856d6",
                      "success": "#4cd964",
                      "warning": "#ffcc00",
                    },
                  },
                  "primary": "#2089dc",
                  "searchBg": "#303337",
                  "secondary": "#8F0CE8",
                  "success": "#52c41a",
                  "warning": "#faad14",
                },
              }
            }
          >
            Lorem, ipsum.
          </Text>
          <Text
            style={
              Object {
                "color": "white",
                "fontSize": 34.285714285714285,
                "textAlign": "center",
              }
            }
            theme={
              Object {
                "Button": Object {
                  "buttonStyle": Array [
                    Object {
                      "backgroundColor": "#4CA1D6",
                    },
                  ],
                  "titleStyle": Array [
                    Object {
                      "color": "white",
                      "fontSize": 34.285714285714285,
                    },
                  ],
                },
                "Icon": Object {
                  "color": "#2089dc",
                },
                "Input": Object {
                  "inputContainerStyle": Object {
                    "alignItems": "center",
                    "borderBottomWidth": 1.4999999999999998,
                    "borderColor": "#fff",
                    "borderRadius": 64.28571428571428,
                    "borderWidth": 1.4999999999999998,
                    "overflow": "hidden",
                    "padding": 9.428571428571429,
                  },
                  "inputStyle": Object {
                    "alignItems": "center",
                    "color": "#fff",
                    "padding": 9.428571428571429,
                  },
                  "placeholderTextColor": "#7E8395",
                },
                "Text": Object {
                  "style": Object {
                    "color": "white",
                    "fontSize": 34.285714285714285,
                  },
                },
                "colors": Object {
                  "disabled": "hsl(208, 8%, 90%)",
                  "divider": "#bcbbc1",
                  "error": "#ff190c",
                  "grey0": "#393e42",
                  "grey1": "#43484d",
                  "grey2": "#5e6977",
                  "grey3": "#86939e",
                  "grey4": "#bdc6cf",
                  "grey5": "#e1e8ee",
                  "greyOutline": "#bbb",
                  "platform": Object {
                    "android": Object {
                      "error": "#f44336",
                      "primary": "#2196f3",
                      "secondary": "#9C27B0",
                      "success": "#4caf50",
                      "warning": "#ffeb3b",
                    },
                    "ios": Object {
                      "error": "#ff3b30",
                      "primary": "#007aff",
                      "secondary": "#5856d6",
                      "success": "#4cd964",
                      "warning": "#ffcc00",
                    },
                  },
                  "primary": "#2089dc",
                  "searchBg": "#303337",
                  "secondary": "#8F0CE8",
                  "success": "#52c41a",
                  "warning": "#faad14",
                },
              }
            }
          >
            Lorem ipsum dolor sit amet consectetur adipisicing elit. Officiis, est!
          </Text>
          <View
            style={
              Object {
                "flexDirection": "row",
                "justifyContent": "space-evenly",
                "width": "100%",
              }
            }
          >
            <View
              style={
                Object {
                  "borderRadius": 85.71428571428571,
                  "overflow": "hidden",
                  "width": 214.28571428571428,
                }
              }
            >
              <View
                accessibilityLabel="hello"
                accessibilityRole="button"
                accessibilityState={
                  Object {
                    "busy": false,
                    "disabled": false,
                  }
                }
                accessible={true}
                focusable={true}
                onClick={[Function]}
                onResponderGrant={[Function]}
                onResponderMove={[Function]}
                onResponderRelease={[Function]}
                onResponderTerminate={[Function]}
                onResponderTerminationRequest={[Function]}
                onStartShouldSetResponder={[Function]}
                style={
                  Object {
                    "opacity": 1,
                  }
                }
              >
                <View
                  style={
                    Object {
                      "alignItems": "center",
                      "backgroundColor": "rgba(0, 0, 0, 0.4)",
                      "borderColor": "#2089dc",
                      "borderRadius": 85.71428571428571,
                      "borderWidth": 0,
                      "flexDirection": "row",
                      "height": 85.71428571428571,
                      "justifyContent": "center",
                      "padding": 8,
                    }
                  }
                >
                  <Text
                    style={
                      Object {
                        "color": "white",
                        "fontSize": 34.285714285714285,
                        "paddingBottom": 1,
                        "paddingTop": 2,
                        "textAlign": "center",
                      }
                    }
                  >
                    hello
                  </Text>
                </View>
              </View>
            </View>
            <View
              style={
                Object {
                  "borderRadius": 85.71428571428571,
                  "overflow": "hidden",
                  "width": 214.28571428571428,
                }
              }
            >
              <View
                accessibilityLabel="world"
                accessibilityRole="button"
                accessibilityState={
                  Object {
                    "busy": false,
                    "disabled": false,
                  }
                }
                accessible={true}
                focusable={true}
                onClick={[Function]}
                onResponderGrant={[Function]}
                onResponderMove={[Function]}
                onResponderRelease={[Function]}
                onResponderTerminate={[Function]}
                onResponderTerminationRequest={[Function]}
                onStartShouldSetResponder={[Function]}
                style={
                  Object {
                    "opacity": 1,
                  }
                }
              >
                <View
                  style={
                    Object {
                      "alignItems": "center",
                      "backgroundColor": "rgba(0, 0, 0, 0.4)",
                      "borderColor": "#2089dc",
                      "borderRadius": 85.71428571428571,
                      "borderWidth": 0,
                      "flexDirection": "row",
                      "height": 85.71428571428571,
                      "justifyContent": "center",
                      "padding": 8,
                    }
                  }
                >
                  <Text
                    style={
                      Object {
                        "color": "white",
                        "fontSize": 34.285714285714285,
                        "paddingBottom": 1,
                        "paddingTop": 2,
                        "textAlign": "center",
                      }
                    }
                  >
                    world
                  </Text>
                </View>
              </View>
            </View>
          </View>
        </View>
      </View>
    </View>
  </Modal>
</RNCSafeAreaProvider>
`;
