// Jest Snapshot v1, https://goo.gl/fbAQLP

exports[`<WelcomeScreen /> should match snapshot 1`] = `
<View
  style={
    Object {
      "alignItems": "center",
      "flex": 1,
      "justifyContent": "center",
    }
  }
>
  <SvgMock
    color="#4CA1D6"
    fill="#4CA1D6"
    height={145.1705882352941}
    width={246.42857142857142}
  />
  <Text
    style={
      Object {
        "fontSize": 60,
        "marginTop": 39.23529411764706,
        "textAlign": "center",
        "width": 535.7142857142857,
      }
    }
    theme={
      Object {
        "colors": Object {
          "disabled": "hsl(208, 8%, 90%)",
          "divider": "#bcbbc1",
          "error": "#ff190c",
          "grey0": "#393e42",
          "grey1": "#43484d",
          "grey2": "#5e6977",
          "grey3": "#86939e",
          "grey4": "#bdc6cf",
          "grey5": "#e1e8ee",
          "greyOutline": "#bbb",
          "platform": Object {
            "android": Object {
              "error": "#f44336",
              "primary": "#2196f3",
              "secondary": "#9C27B0",
              "success": "#4caf50",
              "warning": "#ffeb3b",
            },
            "ios": Object {
              "error": "#ff3b30",
              "primary": "#007aff",
              "secondary": "#5856d6",
              "success": "#4cd964",
              "warning": "#ffcc00",
            },
          },
          "primary": "#2089dc",
          "searchBg": "#303337",
          "secondary": "#8F0CE8",
          "success": "#52c41a",
          "warning": "#faad14",
        },
      }
    }
  >
    Welcome Back
  </Text>
</View>
`;
