// Jest Snapshot v1, https://goo.gl/fbAQLP

exports[`<RequestOtpCode /> should match snapshot 1`] = `
<RNCSafeAreaProvider
  onInsetsChange={[Function]}
  style={
    Array [
      Object {
        "flex": 1,
      },
      undefined,
    ]
  }
>
  <View
    accessibilityLabel="Enter Mobile Number"
    accessible={true}
    style={
      Array [
        Object {
          "alignItems": "center",
          "flex": 1,
          "paddingHorizontal": 85.71428571428571,
        },
        undefined,
      ]
    }
  >
    <Text
      style={
        Object {
          "color": "white",
          "fontSize": 27.5,
          "marginVertical": 39.23529411764706,
        }
      }
      theme={
        Object {
          "Button": Object {
            "buttonStyle": Array [
              Object {
                "backgroundColor": "#4CA1D6",
              },
            ],
            "titleStyle": Array [
              Object {
                "color": "white",
                "fontSize": 34.285714285714285,
              },
            ],
          },
          "Icon": Object {
            "color": "#2089dc",
          },
          "Input": Object {
            "inputContainerStyle": Object {
              "alignItems": "center",
              "borderBottomWidth": 1.4999999999999998,
              "borderColor": "#fff",
              "borderRadius": 64.28571428571428,
              "borderWidth": 1.4999999999999998,
              "overflow": "hidden",
              "padding": 9.428571428571429,
            },
            "inputStyle": Object {
              "alignItems": "center",
              "color": "#fff",
              "padding": 9.428571428571429,
            },
            "placeholderTextColor": "#7E8395",
          },
          "Text": Object {
            "style": Object {
              "color": "white",
              "fontSize": 34.285714285714285,
            },
          },
          "colors": Object {
            "disabled": "hsl(208, 8%, 90%)",
            "divider": "#bcbbc1",
            "error": "#ff190c",
            "grey0": "#393e42",
            "grey1": "#43484d",
            "grey2": "#5e6977",
            "grey3": "#86939e",
            "grey4": "#bdc6cf",
            "grey5": "#e1e8ee",
            "greyOutline": "#bbb",
            "platform": Object {
              "android": Object {
                "error": "#f44336",
                "primary": "#2196f3",
                "secondary": "#9C27B0",
                "success": "#4caf50",
                "warning": "#ffeb3b",
              },
              "ios": Object {
                "error": "#ff3b30",
                "primary": "#007aff",
                "secondary": "#5856d6",
                "success": "#4cd964",
                "warning": "#ffcc00",
              },
            },
            "primary": "#2089dc",
            "searchBg": "#303337",
            "secondary": "#8F0CE8",
            "success": "#52c41a",
            "warning": "#faad14",
          },
        }
      }
    >
      Enter Mobile Number
    </Text>
    <View
      style={
        Object {
          "flexDirection": "row",
          "justifyContent": "space-between",
          "marginVertical": 19.61764705882353,
        }
      }
    >
      <View
        style={
          Object {
            "paddingHorizontal": 0,
            "paddingRight": 15.714285714285714,
            "width": "35%",
          }
        }
      >
        <View
          style={
            Object {
              "alignItems": "center",
              "borderBottomWidth": 1.4999999999999998,
              "borderColor": "#fff",
              "borderRadius": 64.28571428571428,
              "borderWidth": 1.4999999999999998,
              "flexDirection": "row",
              "overflow": "hidden",
              "padding": 17.142857142857142,
              "transform": Array [
                Object {
                  "translateX": 0,
                },
              ],
            }
          }
        >
          <TextInput
            accessibilityLabel="Country code"
            accessible={true}
            allowFontScaling={true}
            editable={true}
            keyboardType="phone-pad"
            onChangeText={[MockFunction]}
            placeholder="US +1"
            placeholderTextColor="#7E8395"
            rejectResponderTermination={true}
            style={
              Object {
                "alignItems": "center",
                "alignSelf": "center",
                "color": "#fff",
                "flex": 1,
                "fontSize": 18,
                "minHeight": 40,
                "padding": 9.428571428571429,
              }
            }
            testID="RNE__Input__text-input"
            underlineColorAndroid="transparent"
            value=""
          />
        </View>
        <Text
          style={
            Object {
              "color": "#ff190c",
              "fontSize": 12,
              "margin": 5,
            }
          }
        />
      </View>
      <View
        style={
          Object {
            "paddingHorizontal": 0,
            "width": "65%",
          }
        }
      >
        <View
          style={
            Object {
              "alignItems": "center",
              "borderBottomWidth": 1.4999999999999998,
              "borderColor": "#fff",
              "borderRadius": 64.28571428571428,
              "borderWidth": 1.4999999999999998,
              "flexDirection": "row",
              "overflow": "hidden",
              "padding": 8.571428571428571,
              "transform": Array [
                Object {
                  "translateX": 0,
                },
              ],
            }
          }
        >
          <TextInput
            accessibilityLabel="Your Number"
            accessible={true}
            allowFontScaling={true}
            editable={true}
            keyboardType="phone-pad"
            onChangeText={[MockFunction]}
            onSubmitEditing={[Function]}
            placeholder="Your Number"
            placeholderTextColor="#7E8395"
            rejectResponderTermination={true}
            style={
              Object {
                "alignItems": "center",
                "alignSelf": "center",
                "color": "#fff",
                "flex": 1,
                "fontSize": 18,
                "minHeight": 40,
                "padding": 9.428571428571429,
              }
            }
            testID="RNE__Input__text-input"
            underlineColorAndroid="transparent"
            value=""
          />
          <View
            style={
              Object {
                "alignItems": "center",
                "height": 40,
                "justifyContent": "center",
                "marginVertical": 4,
                "paddingRight": 4,
              }
            }
          >
            <View
              style={
                Object {
                  "overflow": "hidden",
                }
              }
            >
              <View
                accessible={true}
                focusable={true}
                onClick={[Function]}
                onResponderGrant={[Function]}
                onResponderMove={[Function]}
                onResponderRelease={[Function]}
                onResponderTerminate={[Function]}
                onResponderTerminationRequest={[Function]}
                onStartShouldSetResponder={[Function]}
              >
                <View
                  style={
                    Object {
                      "alignItems": "center",
                      "backgroundColor": "transparent",
                      "justifyContent": "center",
                    }
                  }
                >
                  <Text
                    allowFontScaling={false}
                    style={
                      Array [
                        Object {
                          "color": "rgba(0,0,0,0)",
                          "fontSize": 24,
                        },
                        Object {
                          "backgroundColor": "transparent",
                        },
                        Object {
                          "fontFamily": "FontAwesome",
                          "fontStyle": "normal",
                          "fontWeight": "normal",
                        },
                        Object {},
                      ]
                    }
                    testID="iconIcon"
                  >
                    ÔÅó
                  </Text>
                </View>
              </View>
            </View>
          </View>
        </View>
        <Text
          style={
            Object {
              "color": "#ff190c",
              "fontSize": 12,
              "margin": 5,
            }
          }
        />
      </View>
    </View>
    <View
      style={
        Object {
          "borderRadius": 3,
          "overflow": "hidden",
          "width": "100%",
        }
      }
    >
      <View
        accessibilityLabel="Request Code"
        accessibilityRole="button"
        accessibilityState={
          Object {
            "busy": false,
            "disabled": true,
          }
        }
        accessible={true}
        focusable={true}
        onClick={[Function]}
        onResponderGrant={[Function]}
        onResponderMove={[Function]}
        onResponderRelease={[Function]}
        onResponderTerminate={[Function]}
        onResponderTerminationRequest={[Function]}
        onStartShouldSetResponder={[Function]}
        style={
          Object {
            "opacity": 1,
          }
        }
      >
        <View
          style={
            Object {
              "alignItems": "center",
              "backgroundColor": "hsl(208, 8%, 90%)",
              "borderColor": "#2089dc",
              "borderRadius": 85.71428571428571,
              "borderWidth": 0,
              "flexDirection": "row",
              "height": 107.14285714285714,
              "justifyContent": "center",
              "padding": 8,
            }
          }
        >
          <Text
            style={
              Object {
                "color": Object {
                  "color": Array [
                    208,
                    8,
                    63,
                  ],
                  "model": "hsl",
                  "valpha": 1,
                },
                "fontSize": 34.285714285714285,
                "paddingBottom": 1,
                "paddingTop": 2,
                "textAlign": "center",
              }
            }
          >
            Request Code
          </Text>
        </View>
      </View>
    </View>
    <Text
      style={
        Object {
          "color": "#7E8395",
          "fontSize": 34.285714285714285,
          "marginTop": 58.85294117647059,
          "textAlign": "center",
        }
      }
      theme={
        Object {
          "Button": Object {
            "buttonStyle": Array [
              Object {
                "backgroundColor": "#4CA1D6",
              },
            ],
            "titleStyle": Array [
              Object {
                "color": "white",
                "fontSize": 34.285714285714285,
              },
            ],
          },
          "Icon": Object {
            "color": "#2089dc",
          },
          "Input": Object {
            "inputContainerStyle": Object {
              "alignItems": "center",
              "borderBottomWidth": 1.4999999999999998,
              "borderColor": "#fff",
              "borderRadius": 64.28571428571428,
              "borderWidth": 1.4999999999999998,
              "overflow": "hidden",
              "padding": 9.428571428571429,
            },
            "inputStyle": Object {
              "alignItems": "center",
              "color": "#fff",
              "padding": 9.428571428571429,
            },
            "placeholderTextColor": "#7E8395",
          },
          "Text": Object {
            "style": Object {
              "color": "white",
              "fontSize": 34.285714285714285,
            },
          },
          "colors": Object {
            "disabled": "hsl(208, 8%, 90%)",
            "divider": "#bcbbc1",
            "error": "#ff190c",
            "grey0": "#393e42",
            "grey1": "#43484d",
            "grey2": "#5e6977",
            "grey3": "#86939e",
            "grey4": "#bdc6cf",
            "grey5": "#e1e8ee",
            "greyOutline": "#bbb",
            "platform": Object {
              "android": Object {
                "error": "#f44336",
                "primary": "#2196f3",
                "secondary": "#9C27B0",
                "success": "#4caf50",
                "warning": "#ffeb3b",
              },
              "ios": Object {
                "error": "#ff3b30",
                "primary": "#007aff",
                "secondary": "#5856d6",
                "success": "#4cd964",
                "warning": "#ffcc00",
              },
            },
            "primary": "#2089dc",
            "searchBg": "#303337",
            "secondary": "#8F0CE8",
            "success": "#52c41a",
            "warning": "#faad14",
          },
        }
      }
    >
      Agree to Terms of Use
    </Text>
    <Text
      style={
        Object {
          "color": "#7E8395",
          "fontSize": 34.285714285714285,
          "marginVertical": 49.04411764705882,
          "textAlign": "center",
        }
      }
      theme={
        Object {
          "Button": Object {
            "buttonStyle": Array [
              Object {
                "backgroundColor": "#4CA1D6",
              },
            ],
            "titleStyle": Array [
              Object {
                "color": "white",
                "fontSize": 34.285714285714285,
              },
            ],
          },
          "Icon": Object {
            "color": "#2089dc",
          },
          "Input": Object {
            "inputContainerStyle": Object {
              "alignItems": "center",
              "borderBottomWidth": 1.4999999999999998,
              "borderColor": "#fff",
              "borderRadius": 64.28571428571428,
              "borderWidth": 1.4999999999999998,
              "overflow": "hidden",
              "padding": 9.428571428571429,
            },
            "inputStyle": Object {
              "alignItems": "center",
              "color": "#fff",
              "padding": 9.428571428571429,
            },
            "placeholderTextColor": "#7E8395",
          },
          "Text": Object {
            "style": Object {
              "color": "white",
              "fontSize": 34.285714285714285,
            },
          },
          "colors": Object {
            "disabled": "hsl(208, 8%, 90%)",
            "divider": "#bcbbc1",
            "error": "#ff190c",
            "grey0": "#393e42",
            "grey1": "#43484d",
            "grey2": "#5e6977",
            "grey3": "#86939e",
            "grey4": "#bdc6cf",
            "grey5": "#e1e8ee",
            "greyOutline": "#bbb",
            "platform": Object {
              "android": Object {
                "error": "#f44336",
                "primary": "#2196f3",
                "secondary": "#9C27B0",
                "success": "#4caf50",
                "warning": "#ffeb3b",
              },
              "ios": Object {
                "error": "#ff3b30",
                "primary": "#007aff",
                "secondary": "#5856d6",
                "success": "#4cd964",
                "warning": "#ffcc00",
              },
            },
            "primary": "#2089dc",
            "searchBg": "#303337",
            "secondary": "#8F0CE8",
            "success": "#52c41a",
            "warning": "#faad14",
          },
        }
      }
    >
      OTP Disclaimer
    </Text>
  </View>
</RNCSafeAreaProvider>
`;
