// Jest Snapshot v1, https://goo.gl/fbAQLP

exports[`<VerifyOtpCode /> should match snapshot 1`] = `
<RNCSafeAreaProvider
  onInsetsChange={[Function]}
  style={
    Array [
      Object {
        "flex": 1,
      },
      undefined,
    ]
  }
>
  <View
    accessibilityLabel="Enter Verification Code"
    accessible={true}
    style={
      Array [
        Object {
          "alignItems": "center",
          "flex": 1,
          "paddingHorizontal": 85.71428571428571,
        },
        Object {
          "paddingHorizontal": 34.285714285714285,
        },
      ]
    }
  >
    <Text
      style={
        Object {
          "color": "white",
          "fontSize": 27.5,
          "marginVertical": 39.23529411764706,
        }
      }
      theme={
        Object {
          "Button": Object {
            "buttonStyle": Array [
              Object {
                "backgroundColor": "#4CA1D6",
              },
            ],
            "titleStyle": Array [
              Object {
                "color": "white",
                "fontSize": 34.285714285714285,
              },
            ],
          },
          "Icon": Object {
            "color": "#2089dc",
          },
          "Input": Object {
            "inputContainerStyle": Object {
              "alignItems": "center",
              "borderBottomWidth": 1.4999999999999998,
              "borderColor": "#fff",
              "borderRadius": 64.28571428571428,
              "borderWidth": 1.4999999999999998,
              "overflow": "hidden",
              "padding": 9.428571428571429,
            },
            "inputStyle": Object {
              "alignItems": "center",
              "color": "#fff",
              "padding": 9.428571428571429,
            },
            "placeholderTextColor": "#7E8395",
          },
          "Text": Object {
            "style": Object {
              "color": "white",
              "fontSize": 34.285714285714285,
            },
          },
          "colors": Object {
            "disabled": "hsl(208, 8%, 90%)",
            "divider": "#bcbbc1",
            "error": "#ff190c",
            "grey0": "#393e42",
            "grey1": "#43484d",
            "grey2": "#5e6977",
            "grey3": "#86939e",
            "grey4": "#bdc6cf",
            "grey5": "#e1e8ee",
            "greyOutline": "#bbb",
            "platform": Object {
              "android": Object {
                "error": "#f44336",
                "primary": "#2196f3",
                "secondary": "#9C27B0",
                "success": "#4caf50",
                "warning": "#ffeb3b",
              },
              "ios": Object {
                "error": "#ff3b30",
                "primary": "#007aff",
                "secondary": "#5856d6",
                "success": "#4cd964",
                "warning": "#ffcc00",
              },
            },
            "primary": "#2089dc",
            "searchBg": "#303337",
            "secondary": "#8F0CE8",
            "success": "#52c41a",
            "warning": "#faad14",
          },
        }
      }
    >
      Enter Verification Code
    </Text>
    <View
      accessibilityLabel="OTP code input"
      accessible={true}
    >
      <OtpInputViewMock
        autoFocusOnLoad={false}
        codeInputFieldStyle={
          Object {
            "borderRadius": 17.142857142857142,
            "fontSize": 68.57142857142857,
            "fontWeight": "900",
            "height": 128.57142857142856,
          }
        }
        pinCount={6}
        selectionColor="#4CA1D6"
        style={
          Object {
            "height": 196.17647058823528,
            "paddingHorizontal": 34.285714285714285,
          }
        }
      />
    </View>
    <Text
      style={
        Object {
          "color": "#7E8395",
          "fontSize": 34.285714285714285,
          "marginTop": 39.23529411764706,
          "paddingHorizontal": 64.28571428571428,
          "textAlign": "center",
        }
      }
      theme={
        Object {
          "Button": Object {
            "buttonStyle": Array [
              Object {
                "backgroundColor": "#4CA1D6",
              },
            ],
            "titleStyle": Array [
              Object {
                "color": "white",
                "fontSize": 34.285714285714285,
              },
            ],
          },
          "Icon": Object {
            "color": "#2089dc",
          },
          "Input": Object {
            "inputContainerStyle": Object {
              "alignItems": "center",
              "borderBottomWidth": 1.4999999999999998,
              "borderColor": "#fff",
              "borderRadius": 64.28571428571428,
              "borderWidth": 1.4999999999999998,
              "overflow": "hidden",
              "padding": 9.428571428571429,
            },
            "inputStyle": Object {
              "alignItems": "center",
              "color": "#fff",
              "padding": 9.428571428571429,
            },
            "placeholderTextColor": "#7E8395",
          },
          "Text": Object {
            "style": Object {
              "color": "white",
              "fontSize": 34.285714285714285,
            },
          },
          "colors": Object {
            "disabled": "hsl(208, 8%, 90%)",
            "divider": "#bcbbc1",
            "error": "#ff190c",
            "grey0": "#393e42",
            "grey1": "#43484d",
            "grey2": "#5e6977",
            "grey3": "#86939e",
            "grey4": "#bdc6cf",
            "grey5": "#e1e8ee",
            "greyOutline": "#bbb",
            "platform": Object {
              "android": Object {
                "error": "#f44336",
                "primary": "#2196f3",
                "secondary": "#9C27B0",
                "success": "#4caf50",
                "warning": "#ffeb3b",
              },
              "ios": Object {
                "error": "#ff3b30",
                "primary": "#007aff",
                "secondary": "#5856d6",
                "success": "#4cd964",
                "warning": "#ffcc00",
              },
            },
            "primary": "#2089dc",
            "searchBg": "#303337",
            "secondary": "#8F0CE8",
            "success": "#52c41a",
            "warning": "#faad14",
          },
        }
      }
    >
      We texted a verification code
    </Text>
    <Text
      style={
        Object {
          "color": "#7E8395",
          "fontSize": 34.285714285714285,
          "marginTop": 98.08823529411764,
          "textAlign": "center",
        }
      }
      theme={
        Object {
          "Button": Object {
            "buttonStyle": Array [
              Object {
                "backgroundColor": "#4CA1D6",
              },
            ],
            "titleStyle": Array [
              Object {
                "color": "white",
                "fontSize": 34.285714285714285,
              },
            ],
          },
          "Icon": Object {
            "color": "#2089dc",
          },
          "Input": Object {
            "inputContainerStyle": Object {
              "alignItems": "center",
              "borderBottomWidth": 1.4999999999999998,
              "borderColor": "#fff",
              "borderRadius": 64.28571428571428,
              "borderWidth": 1.4999999999999998,
              "overflow": "hidden",
              "padding": 9.428571428571429,
            },
            "inputStyle": Object {
              "alignItems": "center",
              "color": "#fff",
              "padding": 9.428571428571429,
            },
            "placeholderTextColor": "#7E8395",
          },
          "Text": Object {
            "style": Object {
              "color": "white",
              "fontSize": 34.285714285714285,
            },
          },
          "colors": Object {
            "disabled": "hsl(208, 8%, 90%)",
            "divider": "#bcbbc1",
            "error": "#ff190c",
            "grey0": "#393e42",
            "grey1": "#43484d",
            "grey2": "#5e6977",
            "grey3": "#86939e",
            "grey4": "#bdc6cf",
            "grey5": "#e1e8ee",
            "greyOutline": "#bbb",
            "platform": Object {
              "android": Object {
                "error": "#f44336",
                "primary": "#2196f3",
                "secondary": "#9C27B0",
                "success": "#4caf50",
                "warning": "#ffeb3b",
              },
              "ios": Object {
                "error": "#ff3b30",
                "primary": "#007aff",
                "secondary": "#5856d6",
                "success": "#4cd964",
                "warning": "#ffcc00",
              },
            },
            "primary": "#2089dc",
            "searchBg": "#303337",
            "secondary": "#8F0CE8",
            "success": "#52c41a",
            "warning": "#faad14",
          },
        }
      }
    >
      Resend Code
    </Text>
  </View>
</RNCSafeAreaProvider>
`;
