// Jest Snapshot v1, https://goo.gl/fbAQLP

exports[`<QuestionMarkContainer /> should match snapshot 1`] = `
<RNCSafeAreaProvider
  onInsetsChange={[Function]}
  style={
    Array [
      Object {
        "flex": 1,
      },
      undefined,
    ]
  }
>
  <View
    style={
      Object {
        "flex": 1,
      }
    }
  >
    <View
      accessible={true}
      focusable={true}
      onClick={[Function]}
      onResponderGrant={[Function]}
      onResponderMove={[Function]}
      onResponderRelease={[Function]}
      onResponderTerminate={[Function]}
      onResponderTerminationRequest={[Function]}
      onStartShouldSetResponder={[Function]}
      style={
        Object {
          "opacity": 1,
        }
      }
    >
      <SvgMock
        accessibilityLabel="Support"
        accessible={true}
        fill="white"
        height={64.28571428571428}
        width={64.28571428571428}
      />
    </View>
  </View>
</RNCSafeAreaProvider>
`;
